{"timestamp":"2026-08-03T13:39:35.872326Z","level":"info","event":"Filling up the DagBag from /opt/airflow/dags/weather_dag.py","logger":"airflow.dag_processing.dagbag.BundleDagBag","filename":"dagbag.py","lineno":469}
{"timestamp":"2026-08-03T13:39:35.872981Z","level":"debug","event":"Importing /opt/airflow/dags/weather_dag.py","logger":"airflow.dag_processing.importers.python_importer","filename":"python_importer.py","lineno":224}
{"timestamp":"2026-08-03T13:39:35.972155Z","level":"debug","event":"Initializing Provider Manager[taskflow_decorators]","logger":"airflow.sdk._shared.providers_discovery.providers_discovery","filename":"providers_discovery.py","lineno":285}
{"timestamp":"2026-08-03T13:39:35.972439Z","level":"debug","event":"Initialization of Provider Manager[taskflow_decorators] took 0.00 seconds","logger":"airflow.sdk._shared.providers_discovery.providers_discovery","filename":"providers_discovery.py","lineno":288}
{"timestamp":"2026-08-03T13:39:35.973594Z","level":"debug","event":"Found DAG ingest_pipeline","logger":"airflow.dag_processing.importers.python_importer","filename":"python_importer.py","lineno":360}
{"timestamp":"2026-08-03T13:39:35.974142Z","level":"debug","event":"Loaded DAG <DAG: ingest_pipeline>","logger":"airflow.dag_processing.dagbag.BundleDagBag","filename":"dagbag.py","lineno":444}
{"timestamp":"2026-08-03T13:39:35.996527Z","level":"debug","event":"Failed to find locale C","logger":"cron_descriptor.GetText","filename":"GetText.py","lineno":48}
{"timestamp":"2026-08-03T13:39:35.996621Z","level":"debug","event":"Attempting to load en_US as fallback","logger":"cron_descriptor.GetText","filename":"GetText.py","lineno":49}
{"timestamp":"2026-08-03T13:39:35.997610Z","level":"debug","event":"/home/airflow/.local/lib/python3.13/site-packages/cron_descriptor/locale/en_US.mo Loaded","logger":"cron_descriptor.GetText","filename":"GetText.py","lineno":61}
{"timestamp":"2026-08-03T13:40:06.226147Z","level":"info","event":"Filling up the DagBag from /opt/airflow/dags/weather_dag.py","logger":"airflow.dag_processing.dagbag.BundleDagBag","filename":"dagbag.py","lineno":469}
{"timestamp":"2026-08-03T13:40:06.226908Z","level":"debug","event":"Importing /opt/airflow/dags/weather_dag.py","logger":"airflow.dag_processing.importers.python_importer","filename":"python_importer.py","lineno":224}
{"timestamp":"2026-08-03T13:40:06.291519Z","level":"debug","event":"Initializing Provider Manager[taskflow_decorators]","logger":"airflow.sdk._shared.providers_discovery.providers_discovery","filename":"providers_discovery.py","lineno":285}
{"timestamp":"2026-08-03T13:40:06.291877Z","level":"debug","event":"Initialization of Provider Manager[taskflow_decorators] took 0.00 seconds","logger":"airflow.sdk._shared.providers_discovery.providers_discovery","filename":"providers_discovery.py","lineno":288}
{"timestamp":"2026-08-03T13:40:06.293489Z","level":"debug","event":"Found DAG ingest_pipeline","logger":"airflow.dag_processing.importers.python_importer","filename":"python_importer.py","lineno":360}
{"timestamp":"2026-08-03T13:40:06.294073Z","level":"debug","event":"Loaded DAG <DAG: ingest_pipeline>","logger":"airflow.dag_processing.dagbag.BundleDagBag","filename":"dagbag.py","lineno":444}
{"timestamp":"2026-08-03T13:40:06.300360Z","level":"debug","event":"Failed to find locale C","logger":"cron_descriptor.GetText","filename":"GetText.py","lineno":48}
{"timestamp":"2026-08-03T13:40:06.300434Z","level":"debug","event":"Attempting to load en_US as fallback","logger":"cron_descriptor.GetText","filename":"GetText.py","lineno":49}
{"timestamp":"2026-08-03T13:40:06.300675Z","level":"debug","event":"/home/airflow/.local/lib/python3.13/site-packages/cron_descriptor/locale/en_US.mo Loaded","logger":"cron_descriptor.GetText","filename":"GetText.py","lineno":61}
{"timestamp":"2026-08-03T13:40:36.524219Z","level":"info","event":"Filling up the DagBag from /opt/airflow/dags/weather_dag.py","logger":"airflow.dag_processing.dagbag.BundleDagBag","filename":"dagbag.py","lineno":469}
{"timestamp":"2026-08-03T13:40:36.524857Z","level":"debug","event":"Importing /opt/airflow/dags/weather_dag.py","logger":"airflow.dag_processing.importers.python_importer","filename":"python_importer.py","lineno":224}
{"timestamp":"2026-08-03T13:40:36.585789Z","level":"debug","event":"Initializing Provider Manager[taskflow_decorators]","logger":"airflow.sdk._shared.providers_discovery.providers_discovery","filename":"providers_discovery.py","lineno":285}
{"timestamp":"2026-08-03T13:40:36.586140Z","level":"debug","event":"Initialization of Provider Manager[taskflow_decorators] took 0.00 seconds","logger":"airflow.sdk._shared.providers_discovery.providers_discovery","filename":"providers_discovery.py","lineno":288}
{"timestamp":"2026-08-03T13:40:36.587788Z","level":"debug","event":"Found DAG ingest_pipeline","logger":"airflow.dag_processing.importers.python_importer","filename":"python_importer.py","lineno":360}
{"timestamp":"2026-08-03T13:40:36.588261Z","level":"debug","event":"Loaded DAG <DAG: ingest_pipeline>","logger":"airflow.dag_processing.dagbag.BundleDagBag","filename":"dagbag.py","lineno":444}
{"timestamp":"2026-08-03T13:40:36.594113Z","level":"debug","event":"Failed to find locale C","logger":"cron_descriptor.GetText","filename":"GetText.py","lineno":48}
{"timestamp":"2026-08-03T13:40:36.594185Z","level":"debug","event":"Attempting to load en_US as fallback","logger":"cron_descriptor.GetText","filename":"GetText.py","lineno":49}
{"timestamp":"2026-08-03T13:40:36.594411Z","level":"debug","event":"/home/airflow/.local/lib/python3.13/site-packages/cron_descriptor/locale/en_US.mo Loaded","logger":"cron_descriptor.GetText","filename":"GetText.py","lineno":61}
{"timestamp":"2026-08-03T13:41:06.798469Z","level":"info","event":"Filling up the DagBag from /opt/airflow/dags/weather_dag.py","logger":"airflow.dag_processing.dagbag.BundleDagBag","filename":"dagbag.py","lineno":469}
{"timestamp":"2026-08-03T13:41:06.799431Z","level":"debug","event":"Importing /opt/airflow/dags/weather_dag.py","logger":"airflow.dag_processing.importers.python_importer","filename":"python_importer.py","lineno":224}
{"timestamp":"2026-08-03T13:41:06.859823Z","level":"debug","event":"Initializing Provider Manager[taskflow_decorators]","logger":"airflow.sdk._shared.providers_discovery.providers_discovery","filename":"providers_discovery.py","lineno":285}
{"timestamp":"2026-08-03T13:41:06.860195Z","level":"debug","event":"Initialization of Provider Manager[taskflow_decorators] took 0.00 seconds","logger":"airflow.sdk._shared.providers_discovery.providers_discovery","filename":"providers_discovery.py","lineno":288}
{"timestamp":"2026-08-03T13:41:06.861788Z","level":"debug","event":"Found DAG ingest_pipeline","logger":"airflow.dag_processing.importers.python_importer","filename":"python_importer.py","lineno":360}
{"timestamp":"2026-08-03T13:41:06.862295Z","level":"debug","event":"Loaded DAG <DAG: ingest_pipeline>","logger":"airflow.dag_processing.dagbag.BundleDagBag","filename":"dagbag.py","lineno":444}
{"timestamp":"2026-08-03T13:41:06.868302Z","level":"debug","event":"Failed to find locale C","logger":"cron_descriptor.GetText","filename":"GetText.py","lineno":48}
{"timestamp":"2026-08-03T13:41:06.868384Z","level":"debug","event":"Attempting to load en_US as fallback","logger":"cron_descriptor.GetText","filename":"GetText.py","lineno":49}
{"timestamp":"2026-08-03T13:41:06.868631Z","level":"debug","event":"/home/airflow/.local/lib/python3.13/site-packages/cron_descriptor/locale/en_US.mo Loaded","logger":"cron_descriptor.GetText","filename":"GetText.py","lineno":61}
{"timestamp":"2026-08-03T13:41:37.077835Z","level":"info","event":"Filling up the DagBag from /opt/airflow/dags/weather_dag.py","logger":"airflow.dag_processing.dagbag.BundleDagBag","filename":"dagbag.py","lineno":469}
{"timestamp":"2026-08-03T13:41:37.078570Z","level":"debug","event":"Importing /opt/airflow/dags/weather_dag.py","logger":"airflow.dag_processing.importers.python_importer","filename":"python_importer.py","lineno":224}
{"timestamp":"2026-08-03T13:41:37.142748Z","level":"debug","event":"Initializing Provider Manager[taskflow_decorators]","logger":"airflow.sdk._shared.providers_discovery.providers_discovery","filename":"providers_discovery.py","lineno":285}
{"timestamp":"2026-08-03T13:41:37.143104Z","level":"debug","event":"Initialization of Provider Manager[taskflow_decorators] took 0.00 seconds","logger":"airflow.sdk._shared.providers_discovery.providers_discovery","filename":"providers_discovery.py","lineno":288}
{"timestamp":"2026-08-03T13:41:37.144789Z","level":"debug","event":"Found DAG ingest_pipeline","logger":"airflow.dag_processing.importers.python_importer","filename":"python_importer.py","lineno":360}
{"timestamp":"2026-08-03T13:41:37.145289Z","level":"debug","event":"Loaded DAG <DAG: ingest_pipeline>","logger":"airflow.dag_processing.dagbag.BundleDagBag","filename":"dagbag.py","lineno":444}
{"timestamp":"2026-08-03T13:41:37.152933Z","level":"debug","event":"Failed to find locale C","logger":"cron_descriptor.GetText","filename":"GetText.py","lineno":48}
{"timestamp":"2026-08-03T13:41:37.153020Z","level":"debug","event":"Attempting to load en_US as fallback","logger":"cron_descriptor.GetText","filename":"GetText.py","lineno":49}
{"timestamp":"2026-08-03T13:41:37.153268Z","level":"debug","event":"/home/airflow/.local/lib/python3.13/site-packages/cron_descriptor/locale/en_US.mo Loaded","logger":"cron_descriptor.GetText","filename":"GetText.py","lineno":61}
{"timestamp":"2026-08-03T13:42:07.353088Z","level":"info","event":"Filling up the DagBag from /opt/airflow/dags/weather_dag.py","logger":"airflow.dag_processing.dagbag.BundleDagBag","filename":"dagbag.py","lineno":469}
{"timestamp":"2026-08-03T13:42:07.353845Z","level":"debug","event":"Importing /opt/airflow/dags/weather_dag.py","logger":"airflow.dag_processing.importers.python_importer","filename":"python_importer.py","lineno":224}
{"timestamp":"2026-08-03T13:42:07.416291Z","level":"debug","event":"Initializing Provider Manager[taskflow_decorators]","logger":"airflow.sdk._shared.providers_discovery.providers_discovery","filename":"providers_discovery.py","lineno":285}
{"timestamp":"2026-08-03T13:42:07.416641Z","level":"debug","event":"Initialization of Provider Manager[taskflow_decorators] took 0.00 seconds","logger":"airflow.sdk._shared.providers_discovery.providers_discovery","filename":"providers_discovery.py","lineno":288}
{"timestamp":"2026-08-03T13:42:07.418280Z","level":"debug","event":"Found DAG ingest_pipeline","logger":"airflow.dag_processing.importers.python_importer","filename":"python_importer.py","lineno":360}
{"timestamp":"2026-08-03T13:42:07.418796Z","level":"debug","event":"Loaded DAG <DAG: ingest_pipeline>","logger":"airflow.dag_processing.dagbag.BundleDagBag","filename":"dagbag.py","lineno":444}
{"timestamp":"2026-08-03T13:42:07.424962Z","level":"debug","event":"Failed to find locale C","logger":"cron_descriptor.GetText","filename":"GetText.py","lineno":48}
{"timestamp":"2026-08-03T13:42:07.425043Z","level":"debug","event":"Attempting to load en_US as fallback","logger":"cron_descriptor.GetText","filename":"GetText.py","lineno":49}
{"timestamp":"2026-08-03T13:42:07.425293Z","level":"debug","event":"/home/airflow/.local/lib/python3.13/site-packages/cron_descriptor/locale/en_US.mo Loaded","logger":"cron_descriptor.GetText","filename":"GetText.py","lineno":61}
{"timestamp":"2026-08-03T13:42:37.643676Z","level":"info","event":"Filling up the DagBag from /opt/airflow/dags/weather_dag.py","logger":"airflow.dag_processing.dagbag.BundleDagBag","filename":"dagbag.py","lineno":469}
{"timestamp":"2026-08-03T13:42:37.644495Z","level":"debug","event":"Importing /opt/airflow/dags/weather_dag.py","logger":"airflow.dag_processing.importers.python_importer","filename":"python_importer.py","lineno":224}
{"timestamp":"2026-08-03T13:42:37.711161Z","level":"debug","event":"Initializing Provider Manager[taskflow_decorators]","logger":"airflow.sdk._shared.providers_discovery.providers_discovery","filename":"providers_discovery.py","lineno":285}
{"timestamp":"2026-08-03T13:42:37.711561Z","level":"debug","event":"Initialization of Provider Manager[taskflow_decorators] took 0.00 seconds","logger":"airflow.sdk._shared.providers_discovery.providers_discovery","filename":"providers_discovery.py","lineno":288}
{"timestamp":"2026-08-03T13:42:37.713384Z","level":"debug","event":"Found DAG ingest_pipeline","logger":"airflow.dag_processing.importers.python_importer","filename":"python_importer.py","lineno":360}
{"timestamp":"2026-08-03T13:42:37.713917Z","level":"debug","event":"Loaded DAG <DAG: ingest_pipeline>","logger":"airflow.dag_processing.dagbag.BundleDagBag","filename":"dagbag.py","lineno":444}
{"timestamp":"2026-08-03T13:42:37.720498Z","level":"debug","event":"Failed to find locale C","logger":"cron_descriptor.GetText","filename":"GetText.py","lineno":48}
{"timestamp":"2026-08-03T13:42:37.720591Z","level":"debug","event":"Attempting to load en_US as fallback","logger":"cron_descriptor.GetText","filename":"GetText.py","lineno":49}
{"timestamp":"2026-08-03T13:42:37.720839Z","level":"debug","event":"/home/airflow/.local/lib/python3.13/site-packages/cron_descriptor/locale/en_US.mo Loaded","logger":"cron_descriptor.GetText","filename":"GetText.py","lineno":61}
