{"timestamp":"2026-07-29T19:00:00.425272Z","level":"info","event":"::group::Pre Execute","logger":"task","filename":"task_runner.py","lineno":1926}
{"timestamp":"2026-07-29T19:00:00.437335Z","level":"info","event":"DAG bundles loaded: dags-folder","try_number":1,"dag_id":"ingest_pipeline","map_index":-1,"run_id":"scheduled__2026-07-29T19:00:00+00:00","ti_id":"019faf3f-78dd-7d1a-8160-b8195ac9b081","task_id":"fetch","logger":"airflow.dag_processing.bundles.manager.DagBundlesManager","filename":"manager.py","lineno":209}
{"timestamp":"2026-07-29T19:00:00.437766Z","level":"info","event":"Filling up the DagBag from /opt/airflow/dags/weather_dag.py","try_number":1,"dag_id":"ingest_pipeline","map_index":-1,"run_id":"scheduled__2026-07-29T19:00:00+00:00","ti_id":"019faf3f-78dd-7d1a-8160-b8195ac9b081","task_id":"fetch","logger":"airflow.dag_processing.dagbag.BundleDagBag","filename":"dagbag.py","lineno":469}
{"timestamp":"2026-07-29T19:00:00.506171Z","level":"info","event":"::endgroup::","try_number":1,"dag_id":"ingest_pipeline","map_index":-1,"run_id":"scheduled__2026-07-29T19:00:00+00:00","ti_id":"019faf3f-78dd-7d1a-8160-b8195ac9b081","task_id":"fetch","logger":"task","filename":"task_runner.py","lineno":1727}
{"timestamp":"2026-07-29T19:00:00.651278Z","level":"info","event":"HTTP status error occured: Server error '503 Service Unavailable' for url 'https://api.open-meteo.com/v1/forecast?latitude=-22.9&longitude=-43.21&current=temperature_2m&current=relative_humidity_2m&current=wind_speed_10m'","logger":"task.stdout"}
{"timestamp":"2026-07-29T19:00:00.651400Z","level":"info","event":"For more information check: https://developer.mozilla.org/en-US/docs/Web/HTTP/Status/503","logger":"task.stdout"}
{"timestamp":"2026-07-29T19:00:00.651890Z","level":"info","event":"HTTP status error occured: Server error '503 Service Unavailable' for url 'https://api.open-meteo.com/v1/forecast?latitude=43.66&longitude=-79.39&current=temperature_2m&current=relative_humidity_2m&current=wind_speed_10m'","logger":"task.stdout"}
{"timestamp":"2026-07-29T19:00:00.651944Z","level":"info","event":"For more information check: https://developer.mozilla.org/en-US/docs/Web/HTTP/Status/503","logger":"task.stdout"}
{"timestamp":"2026-07-29T19:00:00.653405Z","level":"info","event":"HTTP status error occured: Server error '503 Service Unavailable' for url 'https://api.open-meteo.com/v1/forecast?latitude=48.85&longitude=2.35&current=temperature_2m&current=relative_humidity_2m&current=wind_speed_10m'","logger":"task.stdout"}
{"timestamp":"2026-07-29T19:00:00.653465Z","level":"info","event":"For more information check: https://developer.mozilla.org/en-US/docs/Web/HTTP/Status/503","logger":"task.stdout"}
{"timestamp":"2026-07-29T19:00:00.653522Z","level":"info","event":"HTTP status error occured: Server error '503 Service Unavailable' for url 'https://api.open-meteo.com/v1/forecast?latitude=37.56&longitude=126.98&current=temperature_2m&current=relative_humidity_2m&current=wind_speed_10m'","logger":"task.stdout"}
{"timestamp":"2026-07-29T19:00:00.653545Z","level":"info","event":"For more information check: https://developer.mozilla.org/en-US/docs/Web/HTTP/Status/503","logger":"task.stdout"}
{"timestamp":"2026-07-29T19:00:00.653562Z","level":"info","event":"HTTP status error occured: Server error '503 Service Unavailable' for url 'https://api.open-meteo.com/v1/forecast?latitude=31.22&longitude=121.46&current=temperature_2m&current=relative_humidity_2m&current=wind_speed_10m'","logger":"task.stdout"}
{"timestamp":"2026-07-29T19:00:00.653579Z","level":"info","event":"For more information check: https://developer.mozilla.org/en-US/docs/Web/HTTP/Status/503","logger":"task.stdout"}
{"timestamp":"2026-07-29T19:00:00.653620Z","level":"info","event":"HTTP status error occured: Server error '503 Service Unavailable' for url 'https://api.open-meteo.com/v1/forecast?latitude=24.69&longitude=46.72&current=temperature_2m&current=relative_humidity_2m&current=wind_speed_10m'","logger":"task.stdout"}
{"timestamp":"2026-07-29T19:00:00.653644Z","level":"info","event":"For more information check: https://developer.mozilla.org/en-US/docs/Web/HTTP/Status/503","logger":"task.stdout"}
{"timestamp":"2026-07-29T19:00:00.672434Z","level":"info","event":"HTTP status error occured: Server error '503 Service Unavailable' for url 'https://api.open-meteo.com/v1/forecast?latitude=-37.81&longitude=144.97&current=temperature_2m&current=relative_humidity_2m&current=wind_speed_10m'","logger":"task.stdout"}
{"timestamp":"2026-07-29T19:00:00.672553Z","level":"info","event":"For more information check: https://developer.mozilla.org/en-US/docs/Web/HTTP/Status/503","logger":"task.stdout"}
{"timestamp":"2026-07-29T19:00:00.673996Z","level":"info","event":"HTTP status error occured: Server error '503 Service Unavailable' for url 'https://api.open-meteo.com/v1/forecast?latitude=25.77&longitude=-80.2&current=temperature_2m&current=relative_humidity_2m&current=wind_speed_10m'","logger":"task.stdout"}
{"timestamp":"2026-07-29T19:00:00.674066Z","level":"info","event":"For more information check: https://developer.mozilla.org/en-US/docs/Web/HTTP/Status/503","logger":"task.stdout"}
{"timestamp":"2026-07-29T19:00:00.674144Z","level":"info","event":"HTTP status error occured: Server error '503 Service Unavailable' for url 'https://api.open-meteo.com/v1/forecast?latitude=55.76&longitude=37.62&current=temperature_2m&current=relative_humidity_2m&current=wind_speed_10m'","logger":"task.stdout"}
{"timestamp":"2026-07-29T19:00:00.674195Z","level":"info","event":"For more information check: https://developer.mozilla.org/en-US/docs/Web/HTTP/Status/503","logger":"task.stdout"}
{"timestamp":"2026-07-29T19:00:00.674636Z","level":"info","event":"HTTP status error occured: Server error '503 Service Unavailable' for url 'https://api.open-meteo.com/v1/forecast?latitude=-12.05&longitude=-77.03&current=temperature_2m&current=relative_humidity_2m&current=wind_speed_10m'","logger":"task.stdout"}
{"timestamp":"2026-07-29T19:00:00.674716Z","level":"info","event":"For more information check: https://developer.mozilla.org/en-US/docs/Web/HTTP/Status/503","logger":"task.stdout"}
{"timestamp":"2026-07-29T19:00:00.675638Z","level":"info","event":"HTTP status error occured: Server error '503 Service Unavailable' for url 'https://api.open-meteo.com/v1/forecast?latitude=40.84&longitude=14.25&current=temperature_2m&current=relative_humidity_2m&current=wind_speed_10m'","logger":"task.stdout"}
{"timestamp":"2026-07-29T19:00:00.675684Z","level":"info","event":"For more information check: https://developer.mozilla.org/en-US/docs/Web/HTTP/Status/503","logger":"task.stdout"}
{"timestamp":"2026-07-29T19:00:00.676057Z","level":"info","event":"HTTP status error occured: Server error '503 Service Unavailable' for url 'https://api.open-meteo.com/v1/forecast?latitude=6.5&longitude=3.34&current=temperature_2m&current=relative_humidity_2m&current=wind_speed_10m'","logger":"task.stdout"}
{"timestamp":"2026-07-29T19:00:00.676104Z","level":"info","event":"For more information check: https://developer.mozilla.org/en-US/docs/Web/HTTP/Status/503","logger":"task.stdout"}
{"timestamp":"2026-07-29T19:00:00.693204Z","level":"info","event":"HTTP status error occured: Server error '503 Service Unavailable' for url 'https://api.open-meteo.com/v1/forecast?latitude=18.949&longitude=72.84&current=temperature_2m&current=relative_humidity_2m&current=wind_speed_10m'","logger":"task.stdout"}
{"timestamp":"2026-07-29T19:00:00.693304Z","level":"info","event":"For more information check: https://developer.mozilla.org/en-US/docs/Web/HTTP/Status/503","logger":"task.stdout"}
{"timestamp":"2026-07-29T19:00:00.696105Z","level":"info","event":"HTTP status error occured: Server error '503 Service Unavailable' for url 'https://api.open-meteo.com/v1/forecast?latitude=59.33&longitude=18.06&current=temperature_2m&current=relative_humidity_2m&current=wind_speed_10m'","logger":"task.stdout"}
{"timestamp":"2026-07-29T19:00:00.696187Z","level":"info","event":"For more information check: https://developer.mozilla.org/en-US/docs/Web/HTTP/Status/503","logger":"task.stdout"}
{"timestamp":"2026-07-29T19:00:00.696525Z","level":"info","event":"HTTP status error occured: Server error '503 Service Unavailable' for url 'https://api.open-meteo.com/v1/forecast?latitude=-6.22&longitude=106.85&current=temperature_2m&current=relative_humidity_2m&current=wind_speed_10m'","logger":"task.stdout"}
{"timestamp":"2026-07-29T19:00:00.696575Z","level":"info","event":"For more information check: https://developer.mozilla.org/en-US/docs/Web/HTTP/Status/503","logger":"task.stdout"}
{"timestamp":"2026-07-29T19:00:00.696633Z","level":"info","event":"HTTP status error occured: Server error '503 Service Unavailable' for url 'https://api.open-meteo.com/v1/forecast?latitude=24.69&longitude=46.72&current=temperature_2m&current=relative_humidity_2m&current=wind_speed_10m'","logger":"task.stdout"}
{"timestamp":"2026-07-29T19:00:00.696658Z","level":"info","event":"For more information check: https://developer.mozilla.org/en-US/docs/Web/HTTP/Status/503","logger":"task.stdout"}
{"timestamp":"2026-07-29T19:00:00.698034Z","level":"info","event":"Done. Returned value was: []","try_number":1,"dag_id":"ingest_pipeline","map_index":-1,"run_id":"scheduled__2026-07-29T19:00:00+00:00","ti_id":"019faf3f-78dd-7d1a-8160-b8195ac9b081","task_id":"fetch","logger":"airflow.task.operators.airflow.providers.standard.decorators.python._PythonDecoratedOperator","filename":"python.py","lineno":233}
{"timestamp":"2026-07-29T19:00:00.698159Z","level":"info","event":"::group::Post Execute","try_number":1,"dag_id":"ingest_pipeline","map_index":-1,"run_id":"scheduled__2026-07-29T19:00:00+00:00","ti_id":"019faf3f-78dd-7d1a-8160-b8195ac9b081","task_id":"fetch","logger":"task","filename":"task_runner.py","lineno":1288}
{"timestamp":"2026-07-29T19:00:00.698278Z","level":"info","event":"Pushing xcom","ti":"RuntimeTaskInstance(id=UUID('019faf3f-78dd-7d1a-8160-b8195ac9b081'), task_id='fetch', dag_id='ingest_pipeline', run_id='scheduled__2026-07-29T19:00:00+00:00', try_number=1, dag_version_id=UUID('019faf26-1d15-7632-8bad-9e52aec10ab7'), map_index=-1, hostname='e85b99ddb4b4', context_carrier={'traceparent': '00-9e899af0c49f34cb88b7293098e96b72-2fa7850912d3fdc1-01'}, task=<Task(_PythonDecoratedOperator): fetch>, bundle_instance=LocalDagBundle(name=dags-folder), max_tries=2, start_date=datetime.datetime(2026, 7, 29, 19, 0, 0, 433152, tzinfo=datetime.timezone.utc), end_date=None, state=<TaskInstanceState.RUNNING: 'running'>, is_mapped=False, rendered_map_index=None, sentry_integration='')","try_number":1,"dag_id":"ingest_pipeline","map_index":-1,"run_id":"scheduled__2026-07-29T19:00:00+00:00","ti_id":"019faf3f-78dd-7d1a-8160-b8195ac9b081","task_id":"fetch","logger":"task","filename":"task_runner.py","lineno":1791}
{"timestamp":"2026-07-29T19:00:00.720246Z","level":"info","event":"::endgroup::","try_number":1,"dag_id":"ingest_pipeline","map_index":-1,"run_id":"scheduled__2026-07-29T19:00:00+00:00","ti_id":"019faf3f-78dd-7d1a-8160-b8195ac9b081","task_id":"fetch","logger":"task","filename":"task_runner.py","lineno":1896}
